[20:17:28] f4_specificity start: n_syn=8 n_driven=3 seeds=4 arms=2 smoke=False pid=4553
[backbone diag] P_met=0.84fW  P_agg=0.84fW  P_c=21.51fW  r=0.039  eta=0.0000  invaded=True
[backbone diag] P_met=0.84fW  P_agg=0.84fW  P_c=21.51fW  r=0.039  eta=0.0000  invaded=True
[backbone diag] P_met=0.84fW  P_agg=0.84fW  P_c=21.51fW  r=0.039  eta=0.0000  invaded=True
[backbone diag] P_met=0.84fW  P_agg=0.84fW  P_c=21.51fW  r=0.039  eta=0.0000  invaded=True
[backbone diag] P_met=0.84fW  P_agg=0.84fW  P_c=21.51fW  r=0.039  eta=0.0000  invaded=True
[backbone diag] P_met=0.84fW  P_agg=0.84fW  P_c=21.51fW  r=0.039  eta=0.0000  invaded=True
[backbone diag] P_met=0.84fW  P_agg=0.84fW  P_c=21.51fW  r=0.039  eta=0.0000  invaded=True
[backbone diag] P_met=0.84fW  P_agg=0.84fW  P_c=21.51fW  r=0.039  eta=0.0000  invaded=True
[backbone diag] P_met=0.84fW  P_agg=0.84fW  P_c=21.51fW  r=0.039  eta=0.0000  invaded=True
[backbone diag] P_met=0.84fW  P_agg=0.84fW  P_c=21.51fW  r=0.039  eta=0.0000  invaded=True
[backbone diag] P_met=0.84fW  P_agg=0.84fW  P_c=21.51fW  r=0.039  eta=0.0000  invaded=True
[backbone diag] P_met=0.84fW  P_agg=0.84fW  P_c=21.51fW  r=0.039  eta=0.0000  invaded=True
[backbone diag] P_met=0.84fW  P_agg=0.84fW  P_c=21.51fW  r=0.039  eta=0.0000  invaded=True
[backbone diag] P_met=0.84fW  P_agg=0.84fW  P_c=21.51fW  r=0.039  eta=0.0000  invaded=True
[backbone diag] P_met=0.84fW  P_agg=0.85fW  P_c=21.51fW  r=0.039  eta=0.0000  invaded=True
[backbone diag] P_met=0.84fW  P_agg=0.85fW  P_c=21.51fW  r=0.039  eta=0.0000  invaded=True
[backbone diag] P_met=0.84fW  P_agg=0.84fW  P_c=21.51fW  r=0.039  eta=0.0000  invaded=True
[backbone diag] P_met=0.84fW  P_agg=0.84fW  P_c=21.51fW  r=0.039  eta=0.0000  invaded=True
[backbone diag] P_met=0.84fW  P_agg=0.84fW  P_c=21.51fW  r=0.039  eta=0.0000  invaded=True
[backbone diag] P_met=0.84fW  P_agg=0.84fW  P_c=21.51fW  r=0.039  eta=0.0000  invaded=True
[backbone diag] P_met=0.84fW  P_agg=0.84fW  P_c=21.51fW  r=0.039  eta=0.0000  invaded=True
[backbone diag] P_met=0.84fW  P_agg=0.84fW  P_c=21.51fW  r=0.039  eta=0.0000  invaded=True
[backbone diag] P_met=0.84fW  P_agg=0.84fW  P_c=21.51fW  r=0.039  eta=0.0000  invaded=True
[backbone diag] P_met=0.84fW  P_agg=0.84fW  P_c=21.51fW  r=0.039  eta=0.0000  invaded=True
[backbone diag] P_met=0.84fW  P_agg=0.84fW  P_c=21.51fW  r=0.039  eta=0.0000  invaded=True
[backbone diag] P_met=0.84fW  P_agg=0.84fW  P_c=21.51fW  r=0.039  eta=0.0000  invaded=True
[backbone diag] P_met=0.84fW  P_agg=0.85fW  P_c=21.51fW  r=0.040  eta=0.0000  invaded=True
[backbone diag] P_met=0.84fW  P_agg=0.84fW  P_c=21.51fW  r=0.039  eta=0.0000  invaded=True
[backbone diag] P_met=0.84fW  P_agg=0.84fW  P_c=21.51fW  r=0.039  eta=0.0000  invaded=True
[backbone diag] P_met=0.84fW  P_agg=0.84fW  P_c=21.51fW  r=0.039  eta=0.0000  invaded=True
[backbone diag] P_met=0.84fW  P_agg=0.84fW  P_c=21.51fW  r=0.039  eta=0.0000  invaded=True
[backbone diag] P_met=0.84fW  P_agg=0.84fW  P_c=21.51fW  r=0.039  eta=0.0000  invaded=True
[backbone diag] P_met=0.84fW  P_agg=0.84fW  P_c=21.51fW  r=0.039  eta=0.0000  invaded=True
[backbone diag] P_met=0.84fW  P_agg=0.84fW  P_c=21.51fW  r=0.039  eta=0.0000  invaded=True
[backbone diag] P_met=0.84fW  P_agg=0.84fW  P_c=21.51fW  r=0.039  eta=0.0000  invaded=True
[backbone diag] P_met=0.84fW  P_agg=0.84fW  P_c=21.51fW  r=0.039  eta=0.0000  invaded=True
[backbone diag] P_met=0.84fW  P_agg=0.84fW  P_c=21.51fW  r=0.039  eta=0.0000  invaded=True
[backbone diag] P_met=0.84fW  P_agg=0.84fW  P_c=21.51fW  r=0.039  eta=0.0000  invaded=True
[backbone diag] P_met=0.84fW  P_agg=0.84fW  P_c=21.51fW  r=0.039  eta=0.0000  invaded=True
[backbone diag] P_met=0.84fW  P_agg=0.84fW  P_c=21.51fW  r=0.039  eta=0.0000  invaded=True
[backbone diag] P_met=0.84fW  P_agg=0.84fW  P_c=21.51fW  r=0.039  eta=0.0000  invaded=True
[backbone diag] P_met=0.84fW  P_agg=0.84fW  P_c=21.51fW  r=0.039  eta=0.0000  invaded=True
[20:24:02] seed=0 reward=True driven=[1, 3, 6] tags=[0, 61, 0, 145, 0, 0, 156, 0] committed_driven=1/3 committed_undriven=0/5 (393s)
[backbone diag] P_met=0.84fW  P_agg=0.84fW  P_c=21.51fW  r=0.039  eta=0.0000  invaded=True
[backbone diag] P_met=0.84fW  P_agg=0.84fW  P_c=21.51fW  r=0.039  eta=0.0000  invaded=True
[backbone diag] P_met=0.84fW  P_agg=0.84fW  P_c=21.51fW  r=0.039  eta=0.0000  invaded=True
[backbone diag] P_met=0.84fW  P_agg=0.84fW  P_c=21.51fW  r=0.039  eta=0.0000  invaded=True
[backbone diag] P_met=0.84fW  P_agg=0.84fW  P_c=21.51fW  r=0.039  eta=0.0000  invaded=True
[backbone diag] P_met=0.84fW  P_agg=0.84fW  P_c=21.51fW  r=0.039  eta=0.0000  invaded=True
[backbone diag] P_met=0.84fW  P_agg=0.84fW  P_c=21.51fW  r=0.039  eta=0.0000  invaded=True
[backbone diag] P_met=0.84fW  P_agg=0.84fW  P_c=21.51fW  r=0.039  eta=0.0000  invaded=True
[backbone diag] P_met=0.84fW  P_agg=0.84fW  P_c=21.51fW  r=0.039  eta=0.0000  invaded=True
[backbone diag] P_met=0.84fW  P_agg=0.84fW  P_c=21.51fW  r=0.039  eta=0.0000  invaded=True
[backbone diag] P_met=0.84fW  P_agg=0.84fW  P_c=21.51fW  r=0.039  eta=0.0000  invaded=True
[backbone diag] P_met=0.84fW  P_agg=0.84fW  P_c=21.51fW  r=0.039  eta=0.0000  invaded=True
[backbone diag] P_met=0.84fW  P_agg=0.84fW  P_c=21.51fW  r=0.039  eta=0.0000  invaded=True
[backbone diag] P_met=0.84fW  P_agg=0.84fW  P_c=21.51fW  r=0.039  eta=0.0000  invaded=True
[backbone diag] P_met=0.84fW  P_agg=0.85fW  P_c=21.51fW  r=0.039  eta=0.0000  invaded=True
[backbone diag] P_met=0.84fW  P_agg=0.85fW  P_c=21.51fW  r=0.039  eta=0.0000  invaded=True
[backbone diag] P_met=0.84fW  P_agg=0.84fW  P_c=21.51fW  r=0.039  eta=0.0000  invaded=True
[backbone diag] P_met=0.84fW  P_agg=0.84fW  P_c=21.51fW  r=0.039  eta=0.0000  invaded=True
[backbone diag] P_met=0.84fW  P_agg=0.84fW  P_c=21.51fW  r=0.039  eta=0.0000  invaded=True
[backbone diag] P_met=0.84fW  P_agg=0.84fW  P_c=21.51fW  r=0.039  eta=0.0000  invaded=True
[backbone diag] P_met=0.84fW  P_agg=0.84fW  P_c=21.51fW  r=0.039  eta=0.0000  invaded=True
[backbone diag] P_met=0.84fW  P_agg=0.84fW  P_c=21.51fW  r=0.039  eta=0.0000  invaded=True
[backbone diag] P_met=0.84fW  P_agg=0.84fW  P_c=21.51fW  r=0.039  eta=0.0000  invaded=True
[backbone diag] P_met=0.84fW  P_agg=0.84fW  P_c=21.51fW  r=0.039  eta=0.0000  invaded=True
[backbone diag] P_met=0.84fW  P_agg=0.84fW  P_c=21.51fW  r=0.039  eta=0.0000  invaded=True
[backbone diag] P_met=0.84fW  P_agg=0.84fW  P_c=21.51fW  r=0.039  eta=0.0000  invaded=True
[backbone diag] P_met=0.84fW  P_agg=0.85fW  P_c=21.51fW  r=0.040  eta=0.0000  invaded=True
[backbone diag] P_met=0.84fW  P_agg=0.84fW  P_c=21.51fW  r=0.039  eta=0.0000  invaded=True
[backbone diag] P_met=0.84fW  P_agg=0.84fW  P_c=21.51fW  r=0.039  eta=0.0000  invaded=True
[backbone diag] P_met=0.84fW  P_agg=0.84fW  P_c=21.51fW  r=0.039  eta=0.0000  invaded=True
[backbone diag] P_met=0.84fW  P_agg=0.84fW  P_c=21.51fW  r=0.039  eta=0.0000  invaded=True
[backbone diag] P_met=0.84fW  P_agg=0.84fW  P_c=21.51fW  r=0.039  eta=0.0000  invaded=True
[backbone diag] P_met=0.84fW  P_agg=0.84fW  P_c=21.51fW  r=0.039  eta=0.0000  invaded=True
[backbone diag] P_met=0.84fW  P_agg=0.84fW  P_c=21.51fW  r=0.039  eta=0.0000  invaded=True
[backbone diag] P_met=0.84fW  P_agg=0.84fW  P_c=21.51fW  r=0.039  eta=0.0000  invaded=True
[backbone diag] P_met=0.84fW  P_agg=0.84fW  P_c=21.51fW  r=0.039  eta=0.0000  invaded=True
[backbone diag] P_met=0.84fW  P_agg=0.84fW  P_c=21.51fW  r=0.039  eta=0.0000  invaded=True
[backbone diag] P_met=0.84fW  P_agg=0.84fW  P_c=21.51fW  r=0.039  eta=0.0000  invaded=True
[backbone diag] P_met=0.84fW  P_agg=0.84fW  P_c=21.51fW  r=0.039  eta=0.0000  invaded=True
[backbone diag] P_met=0.84fW  P_agg=0.84fW  P_c=21.51fW  r=0.039  eta=0.0000  invaded=True
[backbone diag] P_met=0.84fW  P_agg=0.84fW  P_c=21.51fW  r=0.039  eta=0.0000  invaded=True
[backbone diag] P_met=0.84fW  P_agg=0.84fW  P_c=21.51fW  r=0.039  eta=0.0000  invaded=True
[20:30:47] seed=0 reward=False driven=[1, 3, 6] tags=[0, 61, 0, 145, 0, 0, 156, 0] committed_driven=0/3 committed_undriven=0/5 (405s)
[backbone diag] P_met=0.84fW  P_agg=0.84fW  P_c=21.51fW  r=0.039  eta=0.0000  invaded=True
[backbone diag] P_met=0.84fW  P_agg=0.84fW  P_c=21.51fW  r=0.039  eta=0.0000  invaded=True
[backbone diag] P_met=0.84fW  P_agg=0.84fW  P_c=21.51fW  r=0.039  eta=0.0000  invaded=True
[backbone diag] P_met=0.84fW  P_agg=0.84fW  P_c=21.51fW  r=0.039  eta=0.0000  invaded=True
[backbone diag] P_met=0.84fW  P_agg=0.84fW  P_c=21.51fW  r=0.039  eta=0.0000  invaded=True
[backbone diag] P_met=0.84fW  P_agg=0.84fW  P_c=21.51fW  r=0.039  eta=0.0000  invaded=True
[backbone diag] P_met=0.84fW  P_agg=0.84fW  P_c=21.51fW  r=0.039  eta=0.0000  invaded=True
[backbone diag] P_met=0.84fW  P_agg=0.84fW  P_c=21.51fW  r=0.039  eta=0.0000  invaded=True
[backbone diag] P_met=0.84fW  P_agg=0.84fW  P_c=21.51fW  r=0.039  eta=0.0000  invaded=True
[backbone diag] P_met=0.84fW  P_agg=0.84fW  P_c=21.51fW  r=0.039  eta=0.0000  invaded=True
[backbone diag] P_met=0.84fW  P_agg=0.84fW  P_c=21.51fW  r=0.039  eta=0.0000  invaded=True
[backbone diag] P_met=0.84fW  P_agg=0.84fW  P_c=21.51fW  r=0.039  eta=0.0000  invaded=True
[backbone diag] P_met=0.84fW  P_agg=0.84fW  P_c=21.51fW  r=0.039  eta=0.0000  invaded=True
[backbone diag] P_met=0.84fW  P_agg=0.84fW  P_c=21.51fW  r=0.039  eta=0.0000  invaded=True
[backbone diag] P_met=0.84fW  P_agg=0.85fW  P_c=21.51fW  r=0.039  eta=0.0000  invaded=True
[backbone diag] P_met=0.84fW  P_agg=0.84fW  P_c=21.51fW  r=0.039  eta=0.0000  invaded=True
[backbone diag] P_met=0.84fW  P_agg=0.84fW  P_c=21.51fW  r=0.039  eta=0.0000  invaded=True
[backbone diag] P_met=0.84fW  P_agg=0.84fW  P_c=21.51fW  r=0.039  eta=0.0000  invaded=True
[backbone diag] P_met=0.84fW  P_agg=0.84fW  P_c=21.51fW  r=0.039  eta=0.0000  invaded=True
[backbone diag] P_met=0.84fW  P_agg=0.84fW  P_c=21.51fW  r=0.039  eta=0.0000  invaded=True
[backbone diag] P_met=0.84fW  P_agg=0.84fW  P_c=21.51fW  r=0.039  eta=0.0000  invaded=True
[backbone diag] P_met=0.84fW  P_agg=0.85fW  P_c=21.51fW  r=0.039  eta=0.0000  invaded=True
[backbone diag] P_met=0.84fW  P_agg=0.84fW  P_c=21.51fW  r=0.039  eta=0.0000  invaded=True
[backbone diag] P_met=0.84fW  P_agg=0.84fW  P_c=21.51fW  r=0.039  eta=0.0000  invaded=True
[backbone diag] P_met=0.84fW  P_agg=0.84fW  P_c=21.51fW  r=0.039  eta=0.0000  invaded=True
[backbone diag] P_met=0.84fW  P_agg=0.84fW  P_c=21.51fW  r=0.039  eta=0.0000  invaded=True
[backbone diag] P_met=0.84fW  P_agg=0.84fW  P_c=21.51fW  r=0.039  eta=0.0000  invaded=True
[backbone diag] P_met=0.84fW  P_agg=0.84fW  P_c=21.51fW  r=0.039  eta=0.0000  invaded=True
[backbone diag] P_met=0.84fW  P_agg=0.84fW  P_c=21.51fW  r=0.039  eta=0.0000  invaded=True
[backbone diag] P_met=0.84fW  P_agg=0.84fW  P_c=21.51fW  r=0.039  eta=0.0000  invaded=True
[backbone diag] P_met=0.84fW  P_agg=0.84fW  P_c=21.51fW  r=0.039  eta=0.0000  invaded=True
[backbone diag] P_met=0.84fW  P_agg=0.84fW  P_c=21.51fW  r=0.039  eta=0.0000  invaded=True
[backbone diag] P_met=0.84fW  P_agg=0.84fW  P_c=21.51fW  r=0.039  eta=0.0000  invaded=True
[backbone diag] P_met=0.84fW  P_agg=0.84fW  P_c=21.51fW  r=0.039  eta=0.0000  invaded=True
[backbone diag] P_met=0.84fW  P_agg=0.84fW  P_c=21.51fW  r=0.039  eta=0.0000  invaded=True
[backbone diag] P_met=0.84fW  P_agg=0.84fW  P_c=21.51fW  r=0.039  eta=0.0000  invaded=True
[backbone diag] P_met=0.84fW  P_agg=0.84fW  P_c=21.51fW  r=0.039  eta=0.0000  invaded=True
[backbone diag] P_met=0.84fW  P_agg=0.86fW  P_c=21.51fW  r=0.040  eta=0.0000  invaded=True
[backbone diag] P_met=0.84fW  P_agg=0.84fW  P_c=21.51fW  r=0.039  eta=0.0000  invaded=True
[backbone diag] P_met=0.84fW  P_agg=0.84fW  P_c=21.51fW  r=0.039  eta=0.0000  invaded=True
[backbone diag] P_met=0.84fW  P_agg=0.84fW  P_c=21.51fW  r=0.039  eta=0.0000  invaded=True
[backbone diag] P_met=0.84fW  P_agg=0.84fW  P_c=21.51fW  r=0.039  eta=0.0000  invaded=True
[20:35:57] seed=1 reward=True driven=[4, 5, 6] tags=[0, 0, 0, 0, 3, 118, 129, 0] committed_driven=2/3 committed_undriven=0/5 (310s)
[backbone diag] P_met=0.84fW  P_agg=0.84fW  P_c=21.51fW  r=0.039  eta=0.0000  invaded=True
[backbone diag] P_met=0.84fW  P_agg=0.84fW  P_c=21.51fW  r=0.039  eta=0.0000  invaded=True
[backbone diag] P_met=0.84fW  P_agg=0.84fW  P_c=21.51fW  r=0.039  eta=0.0000  invaded=True
[backbone diag] P_met=0.84fW  P_agg=0.84fW  P_c=21.51fW  r=0.039  eta=0.0000  invaded=True
[backbone diag] P_met=0.84fW  P_agg=0.84fW  P_c=21.51fW  r=0.039  eta=0.0000  invaded=True
[backbone diag] P_met=0.84fW  P_agg=0.84fW  P_c=21.51fW  r=0.039  eta=0.0000  invaded=True
[backbone diag] P_met=0.84fW  P_agg=0.84fW  P_c=21.51fW  r=0.039  eta=0.0000  invaded=True
[backbone diag] P_met=0.84fW  P_agg=0.84fW  P_c=21.51fW  r=0.039  eta=0.0000  invaded=True
[backbone diag] P_met=0.84fW  P_agg=0.84fW  P_c=21.51fW  r=0.039  eta=0.0000  invaded=True
[backbone diag] P_met=0.84fW  P_agg=0.84fW  P_c=21.51fW  r=0.039  eta=0.0000  invaded=True
[backbone diag] P_met=0.84fW  P_agg=0.84fW  P_c=21.51fW  r=0.039  eta=0.0000  invaded=True
[backbone diag] P_met=0.84fW  P_agg=0.84fW  P_c=21.51fW  r=0.039  eta=0.0000  invaded=True
[backbone diag] P_met=0.84fW  P_agg=0.84fW  P_c=21.51fW  r=0.039  eta=0.0000  invaded=True
[backbone diag] P_met=0.84fW  P_agg=0.84fW  P_c=21.51fW  r=0.039  eta=0.0000  invaded=True
[backbone diag] P_met=0.84fW  P_agg=0.85fW  P_c=21.51fW  r=0.039  eta=0.0000  invaded=True
[backbone diag] P_met=0.84fW  P_agg=0.84fW  P_c=21.51fW  r=0.039  eta=0.0000  invaded=True
[backbone diag] P_met=0.84fW  P_agg=0.84fW  P_c=21.51fW  r=0.039  eta=0.0000  invaded=True
[backbone diag] P_met=0.84fW  P_agg=0.84fW  P_c=21.51fW  r=0.039  eta=0.0000  invaded=True
[backbone diag] P_met=0.84fW  P_agg=0.84fW  P_c=21.51fW  r=0.039  eta=0.0000  invaded=True
[backbone diag] P_met=0.84fW  P_agg=0.84fW  P_c=21.51fW  r=0.039  eta=0.0000  invaded=True
[backbone diag] P_met=0.84fW  P_agg=0.84fW  P_c=21.51fW  r=0.039  eta=0.0000  invaded=True
[backbone diag] P_met=0.84fW  P_agg=0.85fW  P_c=21.51fW  r=0.039  eta=0.0000  invaded=True
[backbone diag] P_met=0.84fW  P_agg=0.84fW  P_c=21.51fW  r=0.039  eta=0.0000  invaded=True
[backbone diag] P_met=0.84fW  P_agg=0.84fW  P_c=21.51fW  r=0.039  eta=0.0000  invaded=True
[backbone diag] P_met=0.84fW  P_agg=0.84fW  P_c=21.51fW  r=0.039  eta=0.0000  invaded=True
[backbone diag] P_met=0.84fW  P_agg=0.84fW  P_c=21.51fW  r=0.039  eta=0.0000  invaded=True
[backbone diag] P_met=0.84fW  P_agg=0.84fW  P_c=21.51fW  r=0.039  eta=0.0000  invaded=True
[backbone diag] P_met=0.84fW  P_agg=0.84fW  P_c=21.51fW  r=0.039  eta=0.0000  invaded=True
[backbone diag] P_met=0.84fW  P_agg=0.84fW  P_c=21.51fW  r=0.039  eta=0.0000  invaded=True
[backbone diag] P_met=0.84fW  P_agg=0.84fW  P_c=21.51fW  r=0.039  eta=0.0000  invaded=True
[backbone diag] P_met=0.84fW  P_agg=0.84fW  P_c=21.51fW  r=0.039  eta=0.0000  invaded=True
[backbone diag] P_met=0.84fW  P_agg=0.84fW  P_c=21.51fW  r=0.039  eta=0.0000  invaded=True
[backbone diag] P_met=0.84fW  P_agg=0.84fW  P_c=21.51fW  r=0.039  eta=0.0000  invaded=True
[backbone diag] P_met=0.84fW  P_agg=0.84fW  P_c=21.51fW  r=0.039  eta=0.0000  invaded=True
[backbone diag] P_met=0.84fW  P_agg=0.84fW  P_c=21.51fW  r=0.039  eta=0.0000  invaded=True
[backbone diag] P_met=0.84fW  P_agg=0.84fW  P_c=21.51fW  r=0.039  eta=0.0000  invaded=True
[backbone diag] P_met=0.84fW  P_agg=0.84fW  P_c=21.51fW  r=0.039  eta=0.0000  invaded=True
[backbone diag] P_met=0.84fW  P_agg=0.86fW  P_c=21.51fW  r=0.040  eta=0.0000  invaded=True
[backbone diag] P_met=0.84fW  P_agg=0.84fW  P_c=21.51fW  r=0.039  eta=0.0000  invaded=True
[backbone diag] P_met=0.84fW  P_agg=0.84fW  P_c=21.51fW  r=0.039  eta=0.0000  invaded=True
[backbone diag] P_met=0.84fW  P_agg=0.84fW  P_c=21.51fW  r=0.039  eta=0.0000  invaded=True
[backbone diag] P_met=0.84fW  P_agg=0.84fW  P_c=21.51fW  r=0.039  eta=0.0000  invaded=True
[20:41:03] seed=1 reward=False driven=[4, 5, 6] tags=[0, 0, 0, 0, 3, 118, 129, 0] committed_driven=0/3 committed_undriven=0/5 (306s)
[backbone diag] P_met=0.84fW  P_agg=0.84fW  P_c=21.51fW  r=0.039  eta=0.0000  invaded=True
[backbone diag] P_met=0.84fW  P_agg=0.84fW  P_c=21.51fW  r=0.039  eta=0.0000  invaded=True
[backbone diag] P_met=0.84fW  P_agg=0.84fW  P_c=21.51fW  r=0.039  eta=0.0000  invaded=True
[backbone diag] P_met=0.84fW  P_agg=0.84fW  P_c=21.51fW  r=0.039  eta=0.0000  invaded=True
[backbone diag] P_met=0.84fW  P_agg=0.84fW  P_c=21.51fW  r=0.039  eta=0.0000  invaded=True
[backbone diag] P_met=0.84fW  P_agg=0.84fW  P_c=21.51fW  r=0.039  eta=0.0000  invaded=True
[backbone diag] P_met=0.84fW  P_agg=0.84fW  P_c=21.51fW  r=0.039  eta=0.0000  invaded=True
[backbone diag] P_met=0.84fW  P_agg=0.84fW  P_c=21.51fW  r=0.039  eta=0.0000  invaded=True
[backbone diag] P_met=0.84fW  P_agg=0.84fW  P_c=21.51fW  r=0.039  eta=0.0000  invaded=True
[backbone diag] P_met=0.84fW  P_agg=0.84fW  P_c=21.51fW  r=0.039  eta=0.0000  invaded=True
[backbone diag] P_met=0.84fW  P_agg=0.84fW  P_c=21.51fW  r=0.039  eta=0.0000  invaded=True
[backbone diag] P_met=0.84fW  P_agg=0.84fW  P_c=21.51fW  r=0.039  eta=0.0000  invaded=True
[backbone diag] P_met=0.84fW  P_agg=0.84fW  P_c=21.51fW  r=0.039  eta=0.0000  invaded=True
[backbone diag] P_met=0.84fW  P_agg=0.85fW  P_c=21.51fW  r=0.039  eta=0.0000  invaded=True
[backbone diag] P_met=0.84fW  P_agg=0.84fW  P_c=21.51fW  r=0.039  eta=0.0000  invaded=True
[backbone diag] P_met=0.84fW  P_agg=0.84fW  P_c=21.51fW  r=0.039  eta=0.0000  invaded=True
[backbone diag] P_met=0.84fW  P_agg=0.84fW  P_c=21.51fW  r=0.039  eta=0.0000  invaded=True
[backbone diag] P_met=0.84fW  P_agg=0.84fW  P_c=21.51fW  r=0.039  eta=0.0000  invaded=True
[backbone diag] P_met=0.84fW  P_agg=0.84fW  P_c=21.51fW  r=0.039  eta=0.0000  invaded=True
[backbone diag] P_met=0.84fW  P_agg=0.84fW  P_c=21.51fW  r=0.039  eta=0.0000  invaded=True
[backbone diag] P_met=0.84fW  P_agg=0.84fW  P_c=21.51fW  r=0.039  eta=0.0000  invaded=True
[backbone diag] P_met=0.84fW  P_agg=0.84fW  P_c=21.51fW  r=0.039  eta=0.0000  invaded=True
[backbone diag] P_met=0.84fW  P_agg=0.84fW  P_c=21.51fW  r=0.039  eta=0.0000  invaded=True
[backbone diag] P_met=0.84fW  P_agg=0.84fW  P_c=21.51fW  r=0.039  eta=0.0000  invaded=True
[backbone diag] P_met=0.84fW  P_agg=0.84fW  P_c=21.51fW  r=0.039  eta=0.0000  invaded=True
[backbone diag] P_met=0.84fW  P_agg=0.84fW  P_c=21.51fW  r=0.039  eta=0.0000  invaded=True
[backbone diag] P_met=0.84fW  P_agg=0.85fW  P_c=21.51fW  r=0.040  eta=0.0000  invaded=True
[backbone diag] P_met=0.84fW  P_agg=0.84fW  P_c=21.51fW  r=0.039  eta=0.0000  invaded=True
[backbone diag] P_met=0.84fW  P_agg=0.84fW  P_c=21.51fW  r=0.039  eta=0.0000  invaded=True
[backbone diag] P_met=0.84fW  P_agg=0.84fW  P_c=21.51fW  r=0.039  eta=0.0000  invaded=True
[backbone diag] P_met=0.84fW  P_agg=0.84fW  P_c=21.51fW  r=0.039  eta=0.0000  invaded=True
[backbone diag] P_met=0.84fW  P_agg=0.84fW  P_c=21.51fW  r=0.039  eta=0.0000  invaded=True
[backbone diag] P_met=0.84fW  P_agg=0.84fW  P_c=21.51fW  r=0.039  eta=0.0000  invaded=True
[backbone diag] P_met=0.84fW  P_agg=0.84fW  P_c=21.51fW  r=0.039  eta=0.0000  invaded=True
[backbone diag] P_met=0.84fW  P_agg=0.84fW  P_c=21.51fW  r=0.039  eta=0.0000  invaded=True
[backbone diag] P_met=0.84fW  P_agg=0.84fW  P_c=21.51fW  r=0.039  eta=0.0000  invaded=True
[backbone diag] P_met=0.84fW  P_agg=0.84fW  P_c=21.51fW  r=0.039  eta=0.0000  invaded=True
[backbone diag] P_met=0.84fW  P_agg=0.84fW  P_c=21.51fW  r=0.039  eta=0.0000  invaded=True
[backbone diag] P_met=0.84fW  P_agg=0.84fW  P_c=21.51fW  r=0.039  eta=0.0000  invaded=True
[backbone diag] P_met=0.84fW  P_agg=0.84fW  P_c=21.51fW  r=0.039  eta=0.0000  invaded=True
[backbone diag] P_met=0.84fW  P_agg=0.84fW  P_c=21.51fW  r=0.039  eta=0.0000  invaded=True
[backbone diag] P_met=0.84fW  P_agg=0.84fW  P_c=21.51fW  r=0.039  eta=0.0000  invaded=True
[20:46:48] seed=2 reward=True driven=[2, 3, 6] tags=[0, 0, 197, 2, 0, 0, 61, 0] committed_driven=3/3 committed_undriven=0/5 (345s)
[backbone diag] P_met=0.84fW  P_agg=0.84fW  P_c=21.51fW  r=0.039  eta=0.0000  invaded=True
[backbone diag] P_met=0.84fW  P_agg=0.84fW  P_c=21.51fW  r=0.039  eta=0.0000  invaded=True
[backbone diag] P_met=0.84fW  P_agg=0.84fW  P_c=21.51fW  r=0.039  eta=0.0000  invaded=True
[backbone diag] P_met=0.84fW  P_agg=0.84fW  P_c=21.51fW  r=0.039  eta=0.0000  invaded=True
[backbone diag] P_met=0.84fW  P_agg=0.84fW  P_c=21.51fW  r=0.039  eta=0.0000  invaded=True
[backbone diag] P_met=0.84fW  P_agg=0.84fW  P_c=21.51fW  r=0.039  eta=0.0000  invaded=True
[backbone diag] P_met=0.84fW  P_agg=0.84fW  P_c=21.51fW  r=0.039  eta=0.0000  invaded=True
[backbone diag] P_met=0.84fW  P_agg=0.84fW  P_c=21.51fW  r=0.039  eta=0.0000  invaded=True
[backbone diag] P_met=0.84fW  P_agg=0.84fW  P_c=21.51fW  r=0.039  eta=0.0000  invaded=True
[backbone diag] P_met=0.84fW  P_agg=0.84fW  P_c=21.51fW  r=0.039  eta=0.0000  invaded=True
[backbone diag] P_met=0.84fW  P_agg=0.84fW  P_c=21.51fW  r=0.039  eta=0.0000  invaded=True
[backbone diag] P_met=0.84fW  P_agg=0.84fW  P_c=21.51fW  r=0.039  eta=0.0000  invaded=True
[backbone diag] P_met=0.84fW  P_agg=0.84fW  P_c=21.51fW  r=0.039  eta=0.0000  invaded=True
[backbone diag] P_met=0.84fW  P_agg=0.85fW  P_c=21.51fW  r=0.039  eta=0.0000  invaded=True
[backbone diag] P_met=0.84fW  P_agg=0.84fW  P_c=21.51fW  r=0.039  eta=0.0000  invaded=True
[backbone diag] P_met=0.84fW  P_agg=0.84fW  P_c=21.51fW  r=0.039  eta=0.0000  invaded=True
[backbone diag] P_met=0.84fW  P_agg=0.84fW  P_c=21.51fW  r=0.039  eta=0.0000  invaded=True
[backbone diag] P_met=0.84fW  P_agg=0.84fW  P_c=21.51fW  r=0.039  eta=0.0000  invaded=True
[backbone diag] P_met=0.84fW  P_agg=0.84fW  P_c=21.51fW  r=0.039  eta=0.0000  invaded=True
[backbone diag] P_met=0.84fW  P_agg=0.84fW  P_c=21.51fW  r=0.039  eta=0.0000  invaded=True
[backbone diag] P_met=0.84fW  P_agg=0.84fW  P_c=21.51fW  r=0.039  eta=0.0000  invaded=True
[backbone diag] P_met=0.84fW  P_agg=0.84fW  P_c=21.51fW  r=0.039  eta=0.0000  invaded=True
[backbone diag] P_met=0.84fW  P_agg=0.84fW  P_c=21.51fW  r=0.039  eta=0.0000  invaded=True
[backbone diag] P_met=0.84fW  P_agg=0.84fW  P_c=21.51fW  r=0.039  eta=0.0000  invaded=True
[backbone diag] P_met=0.84fW  P_agg=0.84fW  P_c=21.51fW  r=0.039  eta=0.0000  invaded=True
[backbone diag] P_met=0.84fW  P_agg=0.84fW  P_c=21.51fW  r=0.039  eta=0.0000  invaded=True
[backbone diag] P_met=0.84fW  P_agg=0.85fW  P_c=21.51fW  r=0.040  eta=0.0000  invaded=True
[backbone diag] P_met=0.84fW  P_agg=0.84fW  P_c=21.51fW  r=0.039  eta=0.0000  invaded=True
[backbone diag] P_met=0.84fW  P_agg=0.84fW  P_c=21.51fW  r=0.039  eta=0.0000  invaded=True
[backbone diag] P_met=0.84fW  P_agg=0.84fW  P_c=21.51fW  r=0.039  eta=0.0000  invaded=True
[backbone diag] P_met=0.84fW  P_agg=0.84fW  P_c=21.51fW  r=0.039  eta=0.0000  invaded=True
[backbone diag] P_met=0.84fW  P_agg=0.84fW  P_c=21.51fW  r=0.039  eta=0.0000  invaded=True
[backbone diag] P_met=0.84fW  P_agg=0.84fW  P_c=21.51fW  r=0.039  eta=0.0000  invaded=True
[backbone diag] P_met=0.84fW  P_agg=0.84fW  P_c=21.51fW  r=0.039  eta=0.0000  invaded=True
[backbone diag] P_met=0.84fW  P_agg=0.84fW  P_c=21.51fW  r=0.039  eta=0.0000  invaded=True
[backbone diag] P_met=0.84fW  P_agg=0.84fW  P_c=21.51fW  r=0.039  eta=0.0000  invaded=True
[backbone diag] P_met=0.84fW  P_agg=0.84fW  P_c=21.51fW  r=0.039  eta=0.0000  invaded=True
[backbone diag] P_met=0.84fW  P_agg=0.84fW  P_c=21.51fW  r=0.039  eta=0.0000  invaded=True
[backbone diag] P_met=0.84fW  P_agg=0.84fW  P_c=21.51fW  r=0.039  eta=0.0000  invaded=True
[backbone diag] P_met=0.84fW  P_agg=0.84fW  P_c=21.51fW  r=0.039  eta=0.0000  invaded=True
[backbone diag] P_met=0.84fW  P_agg=0.84fW  P_c=21.51fW  r=0.039  eta=0.0000  invaded=True
[backbone diag] P_met=0.84fW  P_agg=0.84fW  P_c=21.51fW  r=0.039  eta=0.0000  invaded=True
[20:52:29] seed=2 reward=False driven=[2, 3, 6] tags=[0, 0, 197, 2, 0, 0, 61, 0] committed_driven=0/3 committed_undriven=0/5 (341s)
[backbone diag] P_met=0.84fW  P_agg=0.84fW  P_c=21.51fW  r=0.039  eta=0.0000  invaded=True
[backbone diag] P_met=0.84fW  P_agg=0.84fW  P_c=21.51fW  r=0.039  eta=0.0000  invaded=True
[backbone diag] P_met=0.84fW  P_agg=0.84fW  P_c=21.51fW  r=0.039  eta=0.0000  invaded=True
[backbone diag] P_met=0.84fW  P_agg=0.84fW  P_c=21.51fW  r=0.039  eta=0.0000  invaded=True
[backbone diag] P_met=0.84fW  P_agg=0.84fW  P_c=21.51fW  r=0.039  eta=0.0000  invaded=True
[backbone diag] P_met=0.84fW  P_agg=0.84fW  P_c=21.51fW  r=0.039  eta=0.0000  invaded=True
[backbone diag] P_met=0.84fW  P_agg=0.84fW  P_c=21.51fW  r=0.039  eta=0.0000  invaded=True
[backbone diag] P_met=0.84fW  P_agg=0.84fW  P_c=21.51fW  r=0.039  eta=0.0000  invaded=True
[backbone diag] P_met=0.84fW  P_agg=0.84fW  P_c=21.51fW  r=0.039  eta=0.0000  invaded=True
[backbone diag] P_met=0.84fW  P_agg=0.84fW  P_c=21.51fW  r=0.039  eta=0.0000  invaded=True
[backbone diag] P_met=0.84fW  P_agg=0.84fW  P_c=21.51fW  r=0.039  eta=0.0000  invaded=True
[backbone diag] P_met=0.84fW  P_agg=0.84fW  P_c=21.51fW  r=0.039  eta=0.0000  invaded=True
[backbone diag] P_met=0.84fW  P_agg=0.85fW  P_c=21.51fW  r=0.039  eta=0.0000  invaded=True
[backbone diag] P_met=0.84fW  P_agg=0.84fW  P_c=21.51fW  r=0.039  eta=0.0000  invaded=True
[backbone diag] P_met=0.84fW  P_agg=0.84fW  P_c=21.51fW  r=0.039  eta=0.0000  invaded=True
[backbone diag] P_met=0.84fW  P_agg=0.84fW  P_c=21.51fW  r=0.039  eta=0.0000  invaded=True
[backbone diag] P_met=0.84fW  P_agg=0.84fW  P_c=21.51fW  r=0.039  eta=0.0000  invaded=True
[backbone diag] P_met=0.84fW  P_agg=0.85fW  P_c=21.51fW  r=0.039  eta=0.0000  invaded=True
[backbone diag] P_met=0.84fW  P_agg=0.84fW  P_c=21.51fW  r=0.039  eta=0.0000  invaded=True
[backbone diag] P_met=0.84fW  P_agg=0.84fW  P_c=21.51fW  r=0.039  eta=0.0000  invaded=True
[backbone diag] P_met=0.84fW  P_agg=0.84fW  P_c=21.51fW  r=0.039  eta=0.0000  invaded=True
[backbone diag] P_met=0.84fW  P_agg=0.84fW  P_c=21.51fW  r=0.039  eta=0.0000  invaded=True
[backbone diag] P_met=0.84fW  P_agg=0.84fW  P_c=21.51fW  r=0.039  eta=0.0000  invaded=True
[backbone diag] P_met=0.84fW  P_agg=0.84fW  P_c=21.51fW  r=0.039  eta=0.0000  invaded=True
[backbone diag] P_met=0.84fW  P_agg=0.84fW  P_c=21.51fW  r=0.039  eta=0.0000  invaded=True
[backbone diag] P_met=0.84fW  P_agg=0.84fW  P_c=21.51fW  r=0.039  eta=0.0000  invaded=True
[backbone diag] P_met=0.84fW  P_agg=0.84fW  P_c=21.51fW  r=0.039  eta=0.0000  invaded=True
[backbone diag] P_met=0.84fW  P_agg=0.84fW  P_c=21.51fW  r=0.039  eta=0.0000  invaded=True
[backbone diag] P_met=0.84fW  P_agg=0.84fW  P_c=21.51fW  r=0.039  eta=0.0000  invaded=True
[backbone diag] P_met=0.84fW  P_agg=0.84fW  P_c=21.51fW  r=0.039  eta=0.0000  invaded=True
[backbone diag] P_met=0.84fW  P_agg=0.84fW  P_c=21.51fW  r=0.039  eta=0.0000  invaded=True
[backbone diag] P_met=0.84fW  P_agg=0.85fW  P_c=21.51fW  r=0.040  eta=0.0000  invaded=True
[backbone diag] P_met=0.84fW  P_agg=0.84fW  P_c=21.51fW  r=0.039  eta=0.0000  invaded=True
[backbone diag] P_met=0.84fW  P_agg=0.84fW  P_c=21.51fW  r=0.039  eta=0.0000  invaded=True
[backbone diag] P_met=0.84fW  P_agg=0.86fW  P_c=21.51fW  r=0.040  eta=0.0000  invaded=True
[backbone diag] P_met=0.84fW  P_agg=0.86fW  P_c=21.51fW  r=0.040  eta=0.0000  invaded=True
[backbone diag] P_met=0.84fW  P_agg=0.84fW  P_c=21.51fW  r=0.039  eta=0.0000  invaded=True
[backbone diag] P_met=0.84fW  P_agg=0.84fW  P_c=21.51fW  r=0.039  eta=0.0000  invaded=True
[backbone diag] P_met=0.84fW  P_agg=0.84fW  P_c=21.51fW  r=0.039  eta=0.0000  invaded=True
[backbone diag] P_met=0.84fW  P_agg=0.84fW  P_c=21.51fW  r=0.039  eta=0.0000  invaded=True
[backbone diag] P_met=0.84fW  P_agg=0.84fW  P_c=21.51fW  r=0.039  eta=0.0000  invaded=True
[backbone diag] P_met=0.84fW  P_agg=0.84fW  P_c=21.51fW  r=0.039  eta=0.0000  invaded=True
[21:00:18] seed=3 reward=True driven=[1, 4, 6] tags=[0, 122, 0, 0, 237, 0, 1, 0] committed_driven=1/3 committed_undriven=0/5 (469s)
[backbone diag] P_met=0.84fW  P_agg=0.84fW  P_c=21.51fW  r=0.039  eta=0.0000  invaded=True
[backbone diag] P_met=0.84fW  P_agg=0.84fW  P_c=21.51fW  r=0.039  eta=0.0000  invaded=True
[backbone diag] P_met=0.84fW  P_agg=0.84fW  P_c=21.51fW  r=0.039  eta=0.0000  invaded=True
[backbone diag] P_met=0.84fW  P_agg=0.84fW  P_c=21.51fW  r=0.039  eta=0.0000  invaded=True
[backbone diag] P_met=0.84fW  P_agg=0.84fW  P_c=21.51fW  r=0.039  eta=0.0000  invaded=True
[backbone diag] P_met=0.84fW  P_agg=0.84fW  P_c=21.51fW  r=0.039  eta=0.0000  invaded=True
[backbone diag] P_met=0.84fW  P_agg=0.84fW  P_c=21.51fW  r=0.039  eta=0.0000  invaded=True
[backbone diag] P_met=0.84fW  P_agg=0.84fW  P_c=21.51fW  r=0.039  eta=0.0000  invaded=True
[backbone diag] P_met=0.84fW  P_agg=0.84fW  P_c=21.51fW  r=0.039  eta=0.0000  invaded=True
[backbone diag] P_met=0.84fW  P_agg=0.84fW  P_c=21.51fW  r=0.039  eta=0.0000  invaded=True
[backbone diag] P_met=0.84fW  P_agg=0.84fW  P_c=21.51fW  r=0.039  eta=0.0000  invaded=True
[backbone diag] P_met=0.84fW  P_agg=0.84fW  P_c=21.51fW  r=0.039  eta=0.0000  invaded=True
[backbone diag] P_met=0.84fW  P_agg=0.85fW  P_c=21.51fW  r=0.039  eta=0.0000  invaded=True
[backbone diag] P_met=0.84fW  P_agg=0.84fW  P_c=21.51fW  r=0.039  eta=0.0000  invaded=True
[backbone diag] P_met=0.84fW  P_agg=0.84fW  P_c=21.51fW  r=0.039  eta=0.0000  invaded=True
[backbone diag] P_met=0.84fW  P_agg=0.84fW  P_c=21.51fW  r=0.039  eta=0.0000  invaded=True
[backbone diag] P_met=0.84fW  P_agg=0.84fW  P_c=21.51fW  r=0.039  eta=0.0000  invaded=True
[backbone diag] P_met=0.84fW  P_agg=0.85fW  P_c=21.51fW  r=0.039  eta=0.0000  invaded=True
[backbone diag] P_met=0.84fW  P_agg=0.84fW  P_c=21.51fW  r=0.039  eta=0.0000  invaded=True
[backbone diag] P_met=0.84fW  P_agg=0.84fW  P_c=21.51fW  r=0.039  eta=0.0000  invaded=True
[backbone diag] P_met=0.84fW  P_agg=0.84fW  P_c=21.51fW  r=0.039  eta=0.0000  invaded=True
[backbone diag] P_met=0.84fW  P_agg=0.84fW  P_c=21.51fW  r=0.039  eta=0.0000  invaded=True
[backbone diag] P_met=0.84fW  P_agg=0.84fW  P_c=21.51fW  r=0.039  eta=0.0000  invaded=True
[backbone diag] P_met=0.84fW  P_agg=0.84fW  P_c=21.51fW  r=0.039  eta=0.0000  invaded=True
[backbone diag] P_met=0.84fW  P_agg=0.84fW  P_c=21.51fW  r=0.039  eta=0.0000  invaded=True
[backbone diag] P_met=0.84fW  P_agg=0.84fW  P_c=21.51fW  r=0.039  eta=0.0000  invaded=True
[backbone diag] P_met=0.84fW  P_agg=0.84fW  P_c=21.51fW  r=0.039  eta=0.0000  invaded=True
[backbone diag] P_met=0.84fW  P_agg=0.84fW  P_c=21.51fW  r=0.039  eta=0.0000  invaded=True
[backbone diag] P_met=0.84fW  P_agg=0.84fW  P_c=21.51fW  r=0.039  eta=0.0000  invaded=True
[backbone diag] P_met=0.84fW  P_agg=0.84fW  P_c=21.51fW  r=0.039  eta=0.0000  invaded=True
[backbone diag] P_met=0.84fW  P_agg=0.84fW  P_c=21.51fW  r=0.039  eta=0.0000  invaded=True
[backbone diag] P_met=0.84fW  P_agg=0.85fW  P_c=21.51fW  r=0.040  eta=0.0000  invaded=True
[backbone diag] P_met=0.84fW  P_agg=0.84fW  P_c=21.51fW  r=0.039  eta=0.0000  invaded=True
[backbone diag] P_met=0.84fW  P_agg=0.84fW  P_c=21.51fW  r=0.039  eta=0.0000  invaded=True
[backbone diag] P_met=0.84fW  P_agg=0.86fW  P_c=21.51fW  r=0.040  eta=0.0000  invaded=True
[backbone diag] P_met=0.84fW  P_agg=0.86fW  P_c=21.51fW  r=0.040  eta=0.0000  invaded=True
[backbone diag] P_met=0.84fW  P_agg=0.84fW  P_c=21.51fW  r=0.039  eta=0.0000  invaded=True
[backbone diag] P_met=0.84fW  P_agg=0.84fW  P_c=21.51fW  r=0.039  eta=0.0000  invaded=True
[backbone diag] P_met=0.84fW  P_agg=0.84fW  P_c=21.51fW  r=0.039  eta=0.0000  invaded=True
[backbone diag] P_met=0.84fW  P_agg=0.84fW  P_c=21.51fW  r=0.039  eta=0.0000  invaded=True
[backbone diag] P_met=0.84fW  P_agg=0.84fW  P_c=21.51fW  r=0.039  eta=0.0000  invaded=True
[backbone diag] P_met=0.84fW  P_agg=0.84fW  P_c=21.51fW  r=0.039  eta=0.0000  invaded=True
[21:07:56] seed=3 reward=False driven=[1, 4, 6] tags=[0, 122, 0, 0, 237, 0, 1, 0] committed_driven=0/3 committed_undriven=0/5 (458s)
[21:07:56] F4 COMPLETE
