==================================================================================================
PO-5 UNIT 14 — is the topology a function of DENSITY ALONE?
==================================================================================================

AMPLITUDE SWEEP (cut=0.5):
    amp       V  comps_cut   lf_cut  H0_cut
   0.25  1125.3        8.7   0.9908    16.7
   0.40  1131.7        5.3   0.9959    20.7
   0.55  1134.7        6.0   0.9950    21.7
   0.70  1127.7        7.7   0.9938    19.3
   0.85  1129.7        8.3   0.9929    23.0
   0.95  1136.7        9.7   0.9920    22.3

PATTERN ARM at amp=0.95 (P3 — must reproduce Unit 13's null):
  SUSTAINED  V= 1136.7 comps_cut=   9.7
  PULSED     V= 1128.3 comps_cut=   9.0

==================================================================================================
P1 amplitude moved V over [1101, 1192]  (OK — the contrast varies)

P2 — is topology a function of V alone?
  comps_cut   slope=-0.01674  resid_SD=  2.712  seed_SD=  2.144  ratio= 1.26  -> DENSITY ALONE
  lf_cut      slope=+0.00002  resid_SD=  0.003  seed_SD=  0.002  ratio= 1.23  -> DENSITY ALONE
  H0_cut      slope=-0.03066  resid_SD=  4.413  seed_SD=  4.402  ratio= 1.00  -> DENSITY ALONE
  comps_raw   slope=+0.00134  resid_SD=  0.219  seed_SD=  0.096  ratio= 2.28  -> inconclusive

==================================================================================================
READING: ratio<=1.5 on the topology measures => the partition carries exactly what a
scalar (V) carries. That is literally §8's 'scalar as computation', established with a
contrast that DOES vary — unlike Units 9/10/13, whose pattern contrast did not reach
the population at all.

LIMITS: 1 synapse, 1 s, 3 seeds/cell. F is the rate-derived form (known category
error); the cut is used as a fixed lens, not as a nominated threshold.
