========================================================================================================
PO-5 UNIT 8 — topology DURING the field's rise (no overrides; only WHEN we look)
========================================================================================================

seed 21
       t  field_kT      V        E  comps  lg_frac      chi  sheafH0
  ------------------------------------------------------------------
   0.010    22.095    542   140187     11   0.9815     1.00        4
   0.020    22.095    723   248179      9   0.9889     1.00        5
   0.040    22.095    825   322855      6   0.9939     1.00        6
   0.070    22.095    825   322898      4   0.9964     1.00        5
   0.100    22.095    864   353361      6   0.9942     1.00        3
   0.150    22.095    907   355730      7   0.9934     1.00        3
   0.200    22.095    940   358062      2   0.9989     1.00        5
   0.300    22.095   1001   363838      1   1.0000     0.00        7
   0.500    22.095   1101   374921      1   1.0000     0.00        6
   0.750    22.095   1100   384584      1   1.0000     0.00        6
   1.000    22.095   1185   395803      1   1.0000     0.00        7

seed 22
       t  field_kT      V        E  comps  lg_frac      chi  sheafH0
  ------------------------------------------------------------------
   0.010    22.095    342    53304     14   0.9620     1.00        4
   0.020    22.095    498   115931     11   0.9799     1.00        5
   0.040    22.095    773   279429      6   0.9935     1.00        6
   0.070    22.095    922   401089      2   0.9989     1.00        6
   0.100    22.095    983   453879      2   0.9990     1.00        5
   0.150    22.095    983   454070      1   1.0000     0.00        4
   0.200    22.095    983   454258      1   1.0000     0.00        3
   0.300    22.095    983   454615      1   1.0000     0.00        4
   0.500    22.095   1042   457527      1   1.0000     0.00        5
   0.750    22.095   1094   464398      2   0.9991     1.00        5
   1.000    22.095   1144   472131      1   1.0000     0.00        3

seed 23
       t  field_kT      V        E  comps  lg_frac      chi  sheafH0
  ------------------------------------------------------------------
   0.010    22.095    542   139660     10   0.9834     1.00        3
   0.020    22.095    712   241189      6   0.9930     1.00        4
   0.040    22.095    790   297667      4   0.9962     1.00        4
   0.070    22.095    914   395745      7   0.9934     1.00        4
   0.100    22.095    914   395839      2   0.9989     1.00        5
   0.150    22.095    947   407933      1   1.0000     0.00        4
   0.200    22.095    947   408374      1   1.0000     0.00        3
   0.300    22.095   1116   424033      1   1.0000     0.00        3
   0.500    22.095   1164   436346      1   1.0000     0.00        4
   0.750    22.095   1163   450017      1   1.0000     0.00        4
   1.000    22.095   1162   461085      1   1.0000     0.00        6

========================================================================================================
P1 field rise: 22.095 kT at t=0.01 -> 22.095 kT at t=1.0
P2 CONFIRMED — informative window exists at t in [0.01, 0.02]
    t=0.01: components 11.7, largest_frac 0.9756, field 22.09 kT, sheafH0 3.7
    t=0.02: components 10.0, largest_frac 0.9844, field 22.09 kT, sheafH0 5.0
    => the topology IS informative before saturation. The computation, if there
       is one, would have to be read DURING the transient, not at the endpoint.

LIMITS: single synapse, 3 seeds, one drive condition. Says nothing about whether
INPUT modulates whatever structure exists in the window.
